==========================================
≡ƒÜÇ Bß║»t ─æß║ºu chuß╗ùi Test API SmartF&B (S-01 -> S-12)
==========================================

1. Mß╗ÜI: ─É─âng k├╜ Tenant (Chß╗º qu├ín)
   Γ£à ─É─âng k├╜ th├ánh c├┤ng.
2. ─É─âng nhß║¡p
   Γ£à ─É─âng nhß║¡p th├ánh c├┤ng. Token lß║Ñy ─æ╞░ß╗úc.
3. Kiß╗âm tra G├│i c╞░ß╗¢c (Subscription)
   Γ£à API Subscription chß║íy tß╗æt.
4. Tß║ío Chi nh├ính mß╗¢i
   Γ£à Tß║ío chi nh├ính th├ánh c├┤ng: 2d4118bb-28f3-43a2-ada0-7597d78fd0f6
5. Chß╗ìn chi nh├ính l├ám viß╗çc (Select Branch)
   Γ£à Chuyß╗ân scope sang chi nh├ính th├ánh c├┤ng.
6. Tß║ío Danh mß╗Ñc (Category)
   Γ£à Tß║ío Category th├ánh c├┤ng.
7. Tß║ío M├│n b├ín (Item) ΓÇö multipart/form-data (kh├┤ng k├¿m ß║únh)
   Γ£à Tß║ío M├│n th├ánh c├┤ng. ID: 9c8664e8-4845-4fed-a7ce-1c8a0a1d072c
7b. Cß║¡p nhß║¡t M├│n (Item) ΓÇö multipart PUT kh├┤ng k├¿m ß║únh (giß╗» nguy├¬n ß║únh c┼⌐)
   Γ£à Cß║¡p nhß║¡t M├│n th├ánh c├┤ng.
8. Tß║ío Khu vß╗▒c (Zone)
   Γ£à Tß║ío Zone th├ánh c├┤ng.
9. Tß║ío B├án (Table)
   Γ£à Tß║ío B├án th├ánh c├┤ng.
10. Tß║ío ─É╞ín h├áng (Order)
   Γ£à Tß║ío Order th├ánh c├┤ng. M├ú: f4480d65-d769-4064-983d-818e08533f60
11. Cß║¡p nhß║¡t Order sang COMPLETED
   Γ£à ─Éß╗òi Order sang COMPLETED.
12. Thanh to├ín bß║▒ng tiß╗ün mß║╖t (Cash Payment)
   Γ£à Thanh to├ín th├ánh c├┤ng. PaymentId: 8792ad3c-5808-4e44-8c5a-b06730955ea2
13. Truy vß║Ñn H├│a ─æ╞ín (Invoices)
   Γ£à Truy vß║Ñn h├│a ─æ╞ín th├ánh c├┤ng. C├│ undefined h├│a ─æ╞ín trong chi nh├ính.

--- Bß║«T ─Éß║ªU TEST S-13 & S-14 (INVENTORY) ---
14. [─É├║ng] Nhß║¡p kho (Import Stock) nguy├¬n liß╗çu (+50)
   Γ£à Nhß║¡p kho th├ánh c├┤ng. BatchId: c498c0f1-0a24-4200-8c9f-46bbd2dcdb1d
15. [Sai] Nhß║¡p kho vß╗¢i sß╗æ l╞░ß╗úng ├óm (Validation Error)
   Γ£à Server tß╗½ chß╗æi request sai th├ánh c├┤ng: undefined
16. [─É├║ng] ─Éiß╗üu chß╗ënh kho (Adjust Stock) -> Tß╗ôn kho = 45
   Γ£à ─Éiß╗üu chß╗ënh kho th├ánh c├┤ng.
17. [─É├║ng] Ghi hao hß╗Ñt (Record Waste) (-5)
   Γ£à Ghi nhß║¡n hao hß╗Ñt th├ánh c├┤ng.
18. [Sai] Ghi hao hß╗Ñt m├á thiß║┐u l├╜ do (Validation Error)
   Γ£à Server tß╗½ chß╗æi request thiß║┐u l├╜ do th├ánh c├┤ng.
19. [─É├║ng] Truy vß║Ñn Tß╗ôn kho (GET /inventory)
   Γ£à Truy vß║Ñn tß╗ôn kho th├ánh c├┤ng. Sß╗æ m├ú h├áng: 1
   ≡ƒöÄ Sß╗æ l╞░ß╗úng tß╗ôn kho hiß╗çn tß║íi ─æß╗æi vß╗¢i m├│n test (sau khi set 45 -> trß╗½ 5 hao hß╗Ñt -> c├▓n 40): 40
   Γ£à C├ón bß║▒ng kho (Balance) t├¡nh to├ín ch├¡nh x├íc!

--- Bß║«T ─Éß║ªU TEST S-15 (STAFF) ---
20. Tß║ío Chß╗⌐c vß╗Ñ (Position)
   Γ£à Tß║ío Chß╗⌐c vß╗Ñ th├ánh c├┤ng. ID: 8ed656ca-963e-45e7-a6a7-428c5544c151
21. Lß║Ñy danh s├ích Chß╗⌐c vß╗Ñ
   Γ£à Lß║Ñy danh s├ích Chß╗⌐c vß╗Ñ th├ánh c├┤ng.
22. Tß║ío Nh├ón sß╗▒ (Staff)
   Γ£à Tß║ío Nh├ón sß╗▒ th├ánh c├┤ng. ID: bdc10d0f-02ce-4419-a43f-45f60e28328f
23. Cß║¡p nhß║¡t Nh├ón sß╗▒ (Staff)
   Γ£à Cß║¡p nhß║¡t Nh├ón sß╗▒ th├ánh c├┤ng.
24. Tß║ío Vai tr├▓ (Role)
   Γ£à Tß║ío Role th├ánh c├┤ng. ID: 23a47e62-d106-47b6-8c73-055c5e80a756

--- Bß║«T ─Éß║ªU TEST S-16 (SHIFT) ---
25. Tß║ío Ca l├ám viß╗çc mß║½u (Shift Template)
   Γ£à Tß║ío Shift Template th├ánh c├┤ng. ID: e5c8a8c3-d96d-4eb5-bd3c-ebee5b2aef46
26. ─É─âng k├╜ Ca l├ám viß╗çc (Register Shift)
   Γ£à ─É─âng k├╜ Shift Schedule th├ánh c├┤ng. ID: 1e02bab0-312e-4533-a020-302fd09b2bcf
27. Lß║Ñy danh s├ích Ca cß╗ºa t├┤i (My Shifts)
   Γ£à Lß║Ñy danh s├ích ca l├ám viß╗çc c├í nh├ón th├ánh c├┤ng.
28. Check-IN Ca l├ám viß╗çc
   Γ£à Check-In th├ánh c├┤ng.
29. Check-OUT Ca l├ám viß╗çc
   Γ£à Check-Out th├ánh c├┤ng.
30. Mß╗ƒ Phi├¬n b├án giao POS (Open PosSession)
   Γ£à Mß╗ƒ POS Session th├ánh c├┤ng. ID: 600a980e-89b4-40d1-b1a6-89a3753ef277
31. Lß║Ñy POS Session ─æang Active
   Γ£à Lß║Ñy Active POS Session th├ánh c├┤ng.
32. ─É├│ng Phi├¬n B├án giao POS (Close PosSession)
   Γ£à ─É├│ng POS Session th├ánh c├┤ng.

--- Bß║«T ─Éß║ªU TEST S-17 (SUPPLIER & PURCHASE ORDER) ---
33. Tß║ío Nh├á cung cß║Ñp (Supplier)
   Γ£à Tß║ío Supplier th├ánh c├┤ng. ID: 882d8465-8ae9-4ef0-b2e3-54063d182dce
34. Tß║ío ─É╞ín mua h├áng (Purchase Order) - DRAFT
   Γ£à Tß║ío Purchase Order (DRAFT) th├ánh c├┤ng. ID: 066d7c33-a489-4913-9059-44d3b7f49882
35. Gß╗¡i ─É╞ín mua h├áng cho NCC (DRAFT -> SENT)
   Γ£à Send Purchase Order th├ánh c├┤ng.
36. X├íc nhß║¡n nhß║¡n h├áng (SENT -> RECEIVED)
   Γ£à Nhß║¡n Purchase Order th├ánh c├┤ng. (─É├ú trigger sinh StockBatch autmatically)
37. Huß╗╖ ─É╞ín mua h├áng (CANCELLED)
   Γ£à Huß╗╖ Purchase Order th├ánh c├┤ng.

==========================================
≡ƒÄë Tß║ñT Cß║ó MODULES (S-01 ─æß║┐n S-17) HOß║áT ─Éß╗ÿNG HO├ÇN Hß║óO!
==========================================
